>>> add_integer = __import__('0-add_integer').add_integer
>>> add_integer(1,1)
2

>>> add_integer(2, 3)
5

>>> add_integer(1)
99

>>> add_integer(1,'1')
Traceback (most recent call last):
    ...
TypeError: b must be an integer

>>> add_integer(-1,0)
-1

>>> add_integer(1.1,1.1)
2